// Jest Snapshot v1, https://goo.gl/fbAQLP

exports[`<MainContainer /> rendering renders correctly 1`] = `
<div
  className="main-container"
>
  <Header
    onCloseAll={[Function]}
    onHamburgerToggle={[Function]}
    onRightSideToggle={[Function]}
    primaryShown={false}
    secondaryShown={false}
  >
    <div
      className="branding"
    >
      <a
        className="nav-link"
        href="#"
      >
        <span
          className="logo dell-emc-logo"
        />
        <span
          className="title"
        >
          test
        </span>
      </a>
    </div>
    <div
      className="header-actions"
    />
  </Header>
  <div
    className="content-container"
  />
</div>
`;
